mode: atomic
github.com/GabeCordo/ScalingFunctions/internal/builders/builders.go:18.94,20.28 1 1
github.com/GabeCordo/ScalingFunctions/internal/builders/builders.go:20.28,21.37 1 1
github.com/GabeCordo/ScalingFunctions/internal/builders/builders.go:21.37,24.4 2 10
github.com/GabeCordo/ScalingFunctions/internal/builders/builders.go:25.3,25.13 1 1
github.com/GabeCordo/ScalingFunctions/internal/builders/builders.go:31.84,33.43 1 1
github.com/GabeCordo/ScalingFunctions/internal/builders/builders.go:33.43,37.3 3 1
github.com/GabeCordo/ScalingFunctions/internal/builders/builders.go:42.66,44.34 1 1
github.com/GabeCordo/ScalingFunctions/internal/builders/builders.go:44.34,47.3 2 1
github.com/GabeCordo/ScalingFunctions/branch.go:66.31,77.39 8 3
github.com/GabeCordo/ScalingFunctions/branch.go:77.39,79.3 1 4
github.com/GabeCordo/ScalingFunctions/branch.go:81.2,83.36 3 3
github.com/GabeCordo/ScalingFunctions/branch.go:83.36,85.3 1 3
github.com/GabeCordo/ScalingFunctions/branch.go:87.2,87.11 1 3
github.com/GabeCordo/ScalingFunctions/branch.go:92.40,99.49 4 33
github.com/GabeCordo/ScalingFunctions/branch.go:99.49,106.3 5 9
github.com/GabeCordo/ScalingFunctions/branch.go:106.8,113.3 5 24
github.com/GabeCordo/ScalingFunctions/branch.go:115.2,115.23 1 33
github.com/GabeCordo/ScalingFunctions/branch.go:115.23,116.19 1 1
github.com/GabeCordo/ScalingFunctions/branch.go:118.2,120.10 2 32
github.com/GabeCordo/ScalingFunctions/branch.go:125.26,131.2 3 14
github.com/GabeCordo/ScalingFunctions/branch.go:135.31,138.27 2 3
github.com/GabeCordo/ScalingFunctions/branch.go:138.27,140.3 1 3
github.com/GabeCordo/ScalingFunctions/branch.go:142.2,142.10 1 3
github.com/GabeCordo/ScalingFunctions/builder.go:51.51,54.16 2 8
github.com/GabeCordo/ScalingFunctions/builder.go:54.16,56.3 1 0
github.com/GabeCordo/ScalingFunctions/builder.go:57.2,57.26 1 8
github.com/GabeCordo/ScalingFunctions/builder.go:64.54,67.37 2 5
github.com/GabeCordo/ScalingFunctions/builder.go:67.37,69.3 1 16
github.com/GabeCordo/ScalingFunctions/builder.go:70.2,70.22 1 5
github.com/GabeCordo/ScalingFunctions/builder.go:75.82,78.16 2 3
github.com/GabeCordo/ScalingFunctions/builder.go:78.16,80.3 1 0
github.com/GabeCordo/ScalingFunctions/builder.go:81.2,81.32 1 3
github.com/GabeCordo/ScalingFunctions/builder.go:87.60,91.33 2 17
github.com/GabeCordo/ScalingFunctions/builder.go:91.33,96.35 2 35
github.com/GabeCordo/ScalingFunctions/builder.go:96.35,98.4 1 5
github.com/GabeCordo/ScalingFunctions/builder.go:98.9,98.45 1 30
github.com/GabeCordo/ScalingFunctions/builder.go:98.45,100.4 1 4
github.com/GabeCordo/ScalingFunctions/builder.go:100.9,100.45 1 26
github.com/GabeCordo/ScalingFunctions/builder.go:100.45,102.4 1 3
github.com/GabeCordo/ScalingFunctions/builder.go:102.9,102.35 1 23
github.com/GabeCordo/ScalingFunctions/builder.go:102.35,104.4 1 7
github.com/GabeCordo/ScalingFunctions/builder.go:104.9,104.58 1 16
github.com/GabeCordo/ScalingFunctions/builder.go:104.58,106.4 1 11
github.com/GabeCordo/ScalingFunctions/builder.go:106.9,108.4 1 5
github.com/GabeCordo/ScalingFunctions/builder.go:111.3,111.18 1 35
github.com/GabeCordo/ScalingFunctions/builder.go:112.24,113.4 1 8
github.com/GabeCordo/ScalingFunctions/builder.go:113.4,114.30 1 8
github.com/GabeCordo/ScalingFunctions/builder.go:114.30,116.6 1 1
github.com/GabeCordo/ScalingFunctions/builder.go:118.31,119.4 1 5
github.com/GabeCordo/ScalingFunctions/builder.go:119.4,120.37 1 5
github.com/GabeCordo/ScalingFunctions/builder.go:120.37,122.6 1 1
github.com/GabeCordo/ScalingFunctions/builder.go:124.22,125.4 1 2
github.com/GabeCordo/ScalingFunctions/builder.go:125.4,126.28 1 2
github.com/GabeCordo/ScalingFunctions/builder.go:126.28,128.6 1 1
github.com/GabeCordo/ScalingFunctions/builder.go:130.22,131.4 1 3
github.com/GabeCordo/ScalingFunctions/builder.go:131.4,132.32 1 3
github.com/GabeCordo/ScalingFunctions/builder.go:132.32,134.6 1 0
github.com/GabeCordo/ScalingFunctions/builder.go:136.11,137.4 1 17
github.com/GabeCordo/ScalingFunctions/builder.go:137.4,138.18 1 17
github.com/GabeCordo/ScalingFunctions/builder.go:139.21,140.29 1 4
github.com/GabeCordo/ScalingFunctions/builder.go:141.23,142.31 1 4
github.com/GabeCordo/ScalingFunctions/builder.go:143.30,144.38 1 3
github.com/GabeCordo/ScalingFunctions/builder.go:145.25,146.29 1 3
github.com/GabeCordo/ScalingFunctions/builder.go:147.25,148.113 1 1
github.com/GabeCordo/ScalingFunctions/builder.go:149.13,150.66 1 2
github.com/GabeCordo/ScalingFunctions/builder.go:156.2,156.16 1 11
github.com/GabeCordo/ScalingFunctions/builder.go:178.54,187.17 5 17
github.com/GabeCordo/ScalingFunctions/builder.go:188.47,189.3 1 5
github.com/GabeCordo/ScalingFunctions/builder.go:189.3,191.4 1 5
github.com/GabeCordo/ScalingFunctions/builder.go:192.21,193.3 1 3
github.com/GabeCordo/ScalingFunctions/builder.go:193.3,195.40 2 3
github.com/GabeCordo/ScalingFunctions/builder.go:195.40,197.5 1 4
github.com/GabeCordo/ScalingFunctions/builder.go:198.4,198.38 1 3
github.com/GabeCordo/ScalingFunctions/builder.go:200.21,201.3 1 3
github.com/GabeCordo/ScalingFunctions/builder.go:201.3,205.4 3 3
github.com/GabeCordo/ScalingFunctions/builder.go:206.10,207.3 1 0
github.com/GabeCordo/ScalingFunctions/builder.go:207.3,209.4 1 0
github.com/GabeCordo/ScalingFunctions/builder.go:212.2,212.16 1 11
github.com/GabeCordo/ScalingFunctions/builder.go:212.16,213.13 1 0
github.com/GabeCordo/ScalingFunctions/builder.go:216.2,216.38 1 11
github.com/GabeCordo/ScalingFunctions/channel.go:43.47,45.16 1 4
github.com/GabeCordo/ScalingFunctions/channel.go:46.12,47.16 1 1
github.com/GabeCordo/ScalingFunctions/channel.go:48.13,49.17 1 1
github.com/GabeCordo/ScalingFunctions/channel.go:50.17,51.21 1 1
github.com/GabeCordo/ScalingFunctions/channel.go:52.10,53.19 1 1
github.com/GabeCordo/ScalingFunctions/channel.go:68.46,70.2 1 3161
github.com/GabeCordo/ScalingFunctions/channel.go:103.121,106.18 1 38
github.com/GabeCordo/ScalingFunctions/channel.go:106.18,108.3 1 1
github.com/GabeCordo/ScalingFunctions/channel.go:111.2,111.19 1 37
github.com/GabeCordo/ScalingFunctions/channel.go:111.19,113.3 1 1
github.com/GabeCordo/ScalingFunctions/channel.go:116.2,116.19 1 36
github.com/GabeCordo/ScalingFunctions/channel.go:116.19,118.3 1 1
github.com/GabeCordo/ScalingFunctions/channel.go:120.2,137.16 12 35
github.com/GabeCordo/ScalingFunctions/channel.go:140.59,142.17 1 3154
github.com/GabeCordo/ScalingFunctions/channel.go:142.17,144.3 1 2
github.com/GabeCordo/ScalingFunctions/channel.go:146.2,147.58 2 3152
github.com/GabeCordo/ScalingFunctions/channel.go:147.58,150.3 2 2
github.com/GabeCordo/ScalingFunctions/channel.go:154.2,154.43 1 3150
github.com/GabeCordo/ScalingFunctions/channel.go:154.43,156.3 1 3150
github.com/GabeCordo/ScalingFunctions/channel.go:158.2,170.10 10 3150
github.com/GabeCordo/ScalingFunctions/channel.go:170.10,171.19 1 0
github.com/GabeCordo/ScalingFunctions/channel.go:171.19,173.4 1 0
github.com/GabeCordo/ScalingFunctions/channel.go:174.3,174.28 1 0
github.com/GabeCordo/ScalingFunctions/channel.go:174.28,176.4 1 0
github.com/GabeCordo/ScalingFunctions/channel.go:178.2,180.10 2 3150
github.com/GabeCordo/ScalingFunctions/channel.go:180.10,182.3 1 0
github.com/GabeCordo/ScalingFunctions/channel.go:184.2,186.13 2 3150
github.com/GabeCordo/ScalingFunctions/channel.go:189.63,197.36 5 3150
github.com/GabeCordo/ScalingFunctions/channel.go:197.36,198.56 1 3132
github.com/GabeCordo/ScalingFunctions/channel.go:198.56,200.4 1 77
github.com/GabeCordo/ScalingFunctions/channel.go:200.9,200.63 1 3055
github.com/GabeCordo/ScalingFunctions/channel.go:200.63,202.4 1 31
github.com/GabeCordo/ScalingFunctions/channel.go:203.3,203.81 1 3132
github.com/GabeCordo/ScalingFunctions/channel.go:204.8,209.3 4 18
github.com/GabeCordo/ScalingFunctions/channel.go:211.2,211.18 1 3150
github.com/GabeCordo/ScalingFunctions/channel.go:211.18,213.3 1 3150
github.com/GabeCordo/ScalingFunctions/channel.go:214.2,214.21 1 3150
github.com/GabeCordo/ScalingFunctions/channel.go:217.44,223.2 3 6
github.com/GabeCordo/ScalingFunctions/channel.go:225.40,231.2 3 2
github.com/GabeCordo/ScalingFunctions/channel.go:233.41,239.2 3 23
github.com/GabeCordo/ScalingFunctions/channel.go:241.48,246.28 2 24
github.com/GabeCordo/ScalingFunctions/channel.go:246.28,249.3 2 1
github.com/GabeCordo/ScalingFunctions/channel.go:251.2,253.17 3 23
github.com/GabeCordo/ScalingFunctions/channel.go:253.17,256.3 2 23
github.com/GabeCordo/ScalingFunctions/channel.go:257.2,259.17 2 23
github.com/GabeCordo/ScalingFunctions/channel.go:259.17,263.3 3 23
github.com/GabeCordo/ScalingFunctions/channel.go:265.2,265.12 1 23
github.com/GabeCordo/ScalingFunctions/channel.go:268.58,270.31 1 3224
github.com/GabeCordo/ScalingFunctions/channel.go:270.31,272.3 1 170
github.com/GabeCordo/ScalingFunctions/channel.go:272.8,272.26 1 3054
github.com/GabeCordo/ScalingFunctions/channel.go:272.26,273.48 1 3048
github.com/GabeCordo/ScalingFunctions/channel.go:273.48,275.4 1 21
github.com/GabeCordo/ScalingFunctions/channel.go:275.9,277.4 1 3027
github.com/GabeCordo/ScalingFunctions/channel.go:278.8,278.113 1 6
github.com/GabeCordo/ScalingFunctions/channel.go:278.113,280.3 1 1
github.com/GabeCordo/ScalingFunctions/channel.go:280.8,280.43 1 5
github.com/GabeCordo/ScalingFunctions/channel.go:280.43,282.3 1 4
github.com/GabeCordo/ScalingFunctions/channel.go:282.8,284.3 1 1
github.com/GabeCordo/ScalingFunctions/channel.go:286.2,286.19 1 3224
github.com/GabeCordo/ScalingFunctions/channel.go:289.52,295.2 3 74
github.com/GabeCordo/ScalingFunctions/interactable.go:32.64,36.2 2 10
github.com/GabeCordo/ScalingFunctions/interactable.go:38.56,40.2 1 1
github.com/GabeCordo/ScalingFunctions/interactable.go:42.51,45.2 2 1
github.com/GabeCordo/ScalingFunctions/interactable.go:47.41,50.2 1 2
github.com/GabeCordo/ScalingFunctions/interactable.go:52.62,55.2 1 14
github.com/GabeCordo/ScalingFunctions/interactable.go:63.80,65.53 1 0
github.com/GabeCordo/ScalingFunctions/interactable.go:65.53,70.3 1 0
github.com/GabeCordo/ScalingFunctions/interactable.go:72.2,80.12 5 0
github.com/GabeCordo/ScalingFunctions/interactable.go:80.12,83.3 2 0
github.com/GabeCordo/ScalingFunctions/interactable.go:85.2,90.43 4 0
github.com/GabeCordo/ScalingFunctions/interactable.go:93.92,95.53 1 0
github.com/GabeCordo/ScalingFunctions/interactable.go:95.53,100.3 1 0
github.com/GabeCordo/ScalingFunctions/interactable.go:102.2,110.12 5 0
github.com/GabeCordo/ScalingFunctions/interactable.go:110.12,113.3 2 0
github.com/GabeCordo/ScalingFunctions/interactable.go:115.2,120.43 4 0
github.com/GabeCordo/ScalingFunctions/ir.go:151.64,166.34 6 10
github.com/GabeCordo/ScalingFunctions/ir.go:166.34,173.39 3 10
github.com/GabeCordo/ScalingFunctions/ir.go:173.39,180.55 3 28
github.com/GabeCordo/ScalingFunctions/ir.go:180.55,181.13 1 1
github.com/GabeCordo/ScalingFunctions/ir.go:182.10,182.35 1 27
github.com/GabeCordo/ScalingFunctions/ir.go:182.35,184.5 1 0
github.com/GabeCordo/ScalingFunctions/ir.go:186.4,187.21 2 27
github.com/GabeCordo/ScalingFunctions/ir.go:187.21,189.5 1 27
github.com/GabeCordo/ScalingFunctions/ir.go:189.10,192.5 2 0
github.com/GabeCordo/ScalingFunctions/ir.go:193.4,193.69 1 27
github.com/GabeCordo/ScalingFunctions/ir.go:193.69,195.5 1 0
github.com/GabeCordo/ScalingFunctions/ir.go:195.10,197.5 1 27
github.com/GabeCordo/ScalingFunctions/ir.go:198.4,202.19 2 27
github.com/GabeCordo/ScalingFunctions/ir.go:202.19,207.57 2 18
github.com/GabeCordo/ScalingFunctions/ir.go:207.57,210.6 1 1
github.com/GabeCordo/ScalingFunctions/ir.go:210.11,221.6 5 17
github.com/GabeCordo/ScalingFunctions/ir.go:225.4,226.22 2 27
github.com/GabeCordo/ScalingFunctions/ir.go:229.3,229.20 1 10
github.com/GabeCordo/ScalingFunctions/ir.go:232.2,232.16 1 10
github.com/GabeCordo/ScalingFunctions/ir.go:235.95,237.48 1 3
github.com/GabeCordo/ScalingFunctions/ir.go:237.48,239.3 1 0
github.com/GabeCordo/ScalingFunctions/ir.go:241.2,241.40 1 3
github.com/GabeCordo/ScalingFunctions/ir.go:241.40,244.19 2 9
github.com/GabeCordo/ScalingFunctions/ir.go:244.19,246.29 1 0
github.com/GabeCordo/ScalingFunctions/ir.go:249.3,250.21 2 9
github.com/GabeCordo/ScalingFunctions/ir.go:250.21,252.38 1 0
github.com/GabeCordo/ScalingFunctions/ir.go:255.3,256.16 2 9
github.com/GabeCordo/ScalingFunctions/ir.go:256.16,258.4 1 0
github.com/GabeCordo/ScalingFunctions/ir.go:261.2,261.24 1 3
github.com/GabeCordo/ScalingFunctions/ir.go:268.50,270.22 1 9
github.com/GabeCordo/ScalingFunctions/ir.go:270.22,272.3 1 2
github.com/GabeCordo/ScalingFunctions/ir.go:272.8,272.30 1 7
github.com/GabeCordo/ScalingFunctions/ir.go:272.30,274.3 1 6
github.com/GabeCordo/ScalingFunctions/ir.go:274.8,276.3 1 1
github.com/GabeCordo/ScalingFunctions/ir.go:279.56,283.15 2 9
github.com/GabeCordo/ScalingFunctions/ir.go:284.28,285.3 1 6
github.com/GabeCordo/ScalingFunctions/ir.go:285.3,288.16 3 6
github.com/GabeCordo/ScalingFunctions/ir.go:288.16,290.5 1 1
github.com/GabeCordo/ScalingFunctions/ir.go:292.24,293.3 1 1
github.com/GabeCordo/ScalingFunctions/ir.go:293.3,295.16 2 1
github.com/GabeCordo/ScalingFunctions/ir.go:295.16,297.5 1 0
github.com/GabeCordo/ScalingFunctions/ir.go:299.10,300.3 1 2
github.com/GabeCordo/ScalingFunctions/ir.go:300.3,302.4 1 2
github.com/GabeCordo/ScalingFunctions/ir.go:305.2,305.12 1 9
github.com/GabeCordo/ScalingFunctions/ir.go:308.48,312.25 2 7
github.com/GabeCordo/ScalingFunctions/ir.go:312.25,314.3 1 1
github.com/GabeCordo/ScalingFunctions/ir.go:316.2,317.16 2 7
github.com/GabeCordo/ScalingFunctions/ir.go:317.16,319.3 1 1
github.com/GabeCordo/ScalingFunctions/ir.go:322.2,324.40 2 7
github.com/GabeCordo/ScalingFunctions/ir.go:324.40,329.37 2 4
github.com/GabeCordo/ScalingFunctions/ir.go:329.37,332.4 1 1
github.com/GabeCordo/ScalingFunctions/ir.go:332.9,335.4 1 3
github.com/GabeCordo/ScalingFunctions/ir.go:338.2,338.11 1 7
github.com/GabeCordo/ScalingFunctions/ir.go:341.35,344.32 2 14
github.com/GabeCordo/ScalingFunctions/ir.go:344.32,346.3 1 9
github.com/GabeCordo/ScalingFunctions/ir.go:346.8,346.41 1 5
github.com/GabeCordo/ScalingFunctions/ir.go:346.41,348.3 1 2
github.com/GabeCordo/ScalingFunctions/ir.go:348.8,348.41 1 3
github.com/GabeCordo/ScalingFunctions/ir.go:348.41,350.3 1 1
github.com/GabeCordo/ScalingFunctions/ir.go:350.8,350.37 1 2
github.com/GabeCordo/ScalingFunctions/ir.go:350.37,352.3 1 1
github.com/GabeCordo/ScalingFunctions/ir.go:352.8,354.3 1 1
github.com/GabeCordo/ScalingFunctions/ir.go:356.2,356.10 1 14
github.com/GabeCordo/ScalingFunctions/ir.go:359.40,363.23 2 11
github.com/GabeCordo/ScalingFunctions/ir.go:364.20,365.3 1 7
github.com/GabeCordo/ScalingFunctions/ir.go:365.3,368.4 2 7
github.com/GabeCordo/ScalingFunctions/ir.go:369.10,370.3 1 4
github.com/GabeCordo/ScalingFunctions/ir.go:370.3,373.4 1 4
github.com/GabeCordo/ScalingFunctions/ir.go:376.2,376.15 1 11
github.com/GabeCordo/ScalingFunctions/ir.go:379.48,381.29 1 2
github.com/GabeCordo/ScalingFunctions/ir.go:381.29,383.3 1 2
github.com/GabeCordo/ScalingFunctions/ir.go:385.2,385.31 1 2
github.com/GabeCordo/ScalingFunctions/ir.go:385.31,387.3 1 2
github.com/GabeCordo/ScalingFunctions/ir.go:390.42,393.34 2 2
github.com/GabeCordo/ScalingFunctions/ir.go:393.34,395.3 1 1
github.com/GabeCordo/ScalingFunctions/ir.go:397.2,397.38 1 2
github.com/GabeCordo/ScalingFunctions/ir.go:397.38,399.3 1 1
github.com/GabeCordo/ScalingFunctions/ir.go:402.48,404.40 1 1
github.com/GabeCordo/ScalingFunctions/ir.go:404.40,406.3 1 1
github.com/GabeCordo/ScalingFunctions/ir.go:412.30,414.23 1 3
github.com/GabeCordo/ScalingFunctions/ir.go:415.20,416.3 1 2
github.com/GabeCordo/ScalingFunctions/ir.go:416.3,419.4 2 2
github.com/GabeCordo/ScalingFunctions/ir.go:420.22,421.3 1 1
github.com/GabeCordo/ScalingFunctions/ir.go:421.3,424.4 2 1
github.com/GabeCordo/ScalingFunctions/ir.go:425.10,426.3 1 0
github.com/GabeCordo/ScalingFunctions/ir.go:426.3,428.4 1 0
github.com/GabeCordo/ScalingFunctions/ir.go:431.2,431.12 1 3
github.com/GabeCordo/ScalingFunctions/pipeline.go:125.62,135.16 8 25
github.com/GabeCordo/ScalingFunctions/pipeline.go:135.16,137.3 1 0
github.com/GabeCordo/ScalingFunctions/pipeline.go:138.2,141.21 3 25
github.com/GabeCordo/ScalingFunctions/pipeline.go:144.65,149.29 3 38
github.com/GabeCordo/ScalingFunctions/pipeline.go:149.29,151.3 1 38
github.com/GabeCordo/ScalingFunctions/pipeline.go:151.8,153.3 1 0
github.com/GabeCordo/ScalingFunctions/pipeline.go:154.2,164.36 10 38
github.com/GabeCordo/ScalingFunctions/pipeline.go:164.36,165.34 1 80
github.com/GabeCordo/ScalingFunctions/pipeline.go:165.34,168.4 2 26
github.com/GabeCordo/ScalingFunctions/pipeline.go:170.3,170.36 1 80
github.com/GabeCordo/ScalingFunctions/pipeline.go:170.36,173.4 2 25
github.com/GabeCordo/ScalingFunctions/pipeline.go:176.2,176.22 1 38
github.com/GabeCordo/ScalingFunctions/pipeline.go:179.54,188.29 5 13
github.com/GabeCordo/ScalingFunctions/pipeline.go:188.29,194.17 3 25
github.com/GabeCordo/ScalingFunctions/pipeline.go:194.17,196.4 1 0
github.com/GabeCordo/ScalingFunctions/pipeline.go:197.3,197.30 1 25
github.com/GabeCordo/ScalingFunctions/pipeline.go:200.2,203.33 4 13
github.com/GabeCordo/ScalingFunctions/pipeline.go:203.33,211.17 3 38
github.com/GabeCordo/ScalingFunctions/pipeline.go:211.17,213.4 1 0
github.com/GabeCordo/ScalingFunctions/pipeline.go:215.3,215.25 1 38
github.com/GabeCordo/ScalingFunctions/pipeline.go:215.25,217.4 1 12
github.com/GabeCordo/ScalingFunctions/pipeline.go:219.3,219.27 1 38
github.com/GabeCordo/ScalingFunctions/pipeline.go:219.27,221.4 1 13
github.com/GabeCordo/ScalingFunctions/pipeline.go:223.3,223.42 1 38
github.com/GabeCordo/ScalingFunctions/pipeline.go:223.42,225.4 1 0
github.com/GabeCordo/ScalingFunctions/pipeline.go:227.3,227.43 1 38
github.com/GabeCordo/ScalingFunctions/pipeline.go:227.43,229.4 1 0
github.com/GabeCordo/ScalingFunctions/pipeline.go:231.3,231.32 1 38
github.com/GabeCordo/ScalingFunctions/pipeline.go:234.2,236.19 2 13
github.com/GabeCordo/ScalingFunctions/pipeline.go:250.60,262.2 4 11
github.com/GabeCordo/ScalingFunctions/pipeline.go:264.62,265.27 1 14
github.com/GabeCordo/ScalingFunctions/pipeline.go:265.27,267.3 1 0
github.com/GabeCordo/ScalingFunctions/pipeline.go:268.2,269.42 2 14
github.com/GabeCordo/ScalingFunctions/pipeline.go:269.42,272.3 2 55
github.com/GabeCordo/ScalingFunctions/pipeline.go:273.2,273.38 1 14
github.com/GabeCordo/ScalingFunctions/pipeline.go:273.38,278.101 5 41
github.com/GabeCordo/ScalingFunctions/pipeline.go:278.101,280.52 2 41
github.com/GabeCordo/ScalingFunctions/pipeline.go:280.52,282.5 1 41
github.com/GabeCordo/ScalingFunctions/pipeline.go:283.4,283.45 1 41
github.com/GabeCordo/ScalingFunctions/pipeline.go:286.2,286.17 1 14
github.com/GabeCordo/ScalingFunctions/repository.go:25.66,30.47 3 14
github.com/GabeCordo/ScalingFunctions/repository.go:30.47,32.3 1 1
github.com/GabeCordo/ScalingFunctions/repository.go:32.8,34.3 1 13
github.com/GabeCordo/ScalingFunctions/repository.go:36.2,36.12 1 13
github.com/GabeCordo/ScalingFunctions/repository.go:39.58,41.36 1 2
github.com/GabeCordo/ScalingFunctions/repository.go:41.36,42.58 1 6
github.com/GabeCordo/ScalingFunctions/repository.go:42.58,44.4 1 0
github.com/GabeCordo/ScalingFunctions/repository.go:46.2,46.12 1 2
github.com/GabeCordo/ScalingFunctions/repository.go:49.41,59.44 7 1
github.com/GabeCordo/ScalingFunctions/repository.go:59.44,62.3 2 2
github.com/GabeCordo/ScalingFunctions/repository.go:64.2,64.11 1 1
github.com/GabeCordo/ScalingFunctions/repository.go:72.34,77.2 3 10
github.com/GabeCordo/ScalingFunctions/repository.go:82.50,87.41 3 9
github.com/GabeCordo/ScalingFunctions/repository.go:87.41,95.3 5 9
github.com/GabeCordo/ScalingFunctions/repository.go:97.2,97.24 1 9
github.com/GabeCordo/ScalingFunctions/repository.go:102.55,107.30 3 1
github.com/GabeCordo/ScalingFunctions/repository.go:107.30,110.3 2 2
github.com/GabeCordo/ScalingFunctions/repository.go:112.2,112.16 1 1
github.com/GabeCordo/ScalingFunctions/runtime.go:53.43,54.16 1 0
github.com/GabeCordo/ScalingFunctions/runtime.go:55.17,56.21 1 0
github.com/GabeCordo/ScalingFunctions/runtime.go:57.16,58.17 1 0
github.com/GabeCordo/ScalingFunctions/runtime.go:59.14,60.18 1 0
github.com/GabeCordo/ScalingFunctions/runtime.go:61.20,62.24 1 0
github.com/GabeCordo/ScalingFunctions/runtime.go:63.14,64.18 1 0
github.com/GabeCordo/ScalingFunctions/runtime.go:65.18,66.22 1 0
github.com/GabeCordo/ScalingFunctions/runtime.go:67.10,68.16 1 0
github.com/GabeCordo/ScalingFunctions/runtime.go:127.61,147.2 7 11
github.com/GabeCordo/ScalingFunctions/runtime.go:149.73,152.43 2 10
github.com/GabeCordo/ScalingFunctions/runtime.go:152.43,154.3 1 0
github.com/GabeCordo/ScalingFunctions/runtime.go:157.49,159.2 1 0
github.com/GabeCordo/ScalingFunctions/runtime.go:161.50,164.40 1 10
github.com/GabeCordo/ScalingFunctions/runtime.go:164.40,165.18 1 0
github.com/GabeCordo/ScalingFunctions/runtime.go:165.18,167.4 1 0
github.com/GabeCordo/ScalingFunctions/runtime.go:169.3,170.31 2 0
github.com/GabeCordo/ScalingFunctions/runtime.go:175.2,175.55 1 10
github.com/GabeCordo/ScalingFunctions/runtime.go:175.55,190.37 1 31
github.com/GabeCordo/ScalingFunctions/runtime.go:190.37,192.4 1 0
github.com/GabeCordo/ScalingFunctions/runtime.go:194.3,194.125 1 31
github.com/GabeCordo/ScalingFunctions/runtime.go:194.125,199.4 3 31
github.com/GabeCordo/ScalingFunctions/runtime.go:202.2,202.12 1 10
github.com/GabeCordo/ScalingFunctions/runtime.go:208.44,210.6 1 10
github.com/GabeCordo/ScalingFunctions/runtime.go:210.6,213.41 1 30
github.com/GabeCordo/ScalingFunctions/runtime.go:213.41,214.9 1 0
github.com/GabeCordo/ScalingFunctions/runtime.go:217.3,218.50 2 30
github.com/GabeCordo/ScalingFunctions/runtime.go:218.50,222.67 2 72
github.com/GabeCordo/ScalingFunctions/runtime.go:222.67,224.5 1 0
github.com/GabeCordo/ScalingFunctions/runtime.go:226.4,226.33 1 72
github.com/GabeCordo/ScalingFunctions/runtime.go:226.33,230.36 2 0
github.com/GabeCordo/ScalingFunctions/runtime.go:230.36,232.70 2 0
github.com/GabeCordo/ScalingFunctions/runtime.go:232.70,239.7 6 0
github.com/GabeCordo/ScalingFunctions/runtime.go:241.10,241.72 1 72
github.com/GabeCordo/ScalingFunctions/runtime.go:241.72,243.36 1 21
github.com/GabeCordo/ScalingFunctions/runtime.go:243.36,246.16 2 21
github.com/GabeCordo/ScalingFunctions/runtime.go:246.16,250.35 2 21
github.com/GabeCordo/ScalingFunctions/runtime.go:250.35,252.13 2 21
github.com/GabeCordo/ScalingFunctions/runtime.go:254.7,257.10 4 0
github.com/GabeCordo/ScalingFunctions/runtime.go:260.10,260.37 1 51
github.com/GabeCordo/ScalingFunctions/runtime.go:260.37,262.5 1 21
github.com/GabeCordo/ScalingFunctions/runtime.go:267.3,267.61 1 30
github.com/GabeCordo/ScalingFunctions/runtime.go:267.61,268.9 1 10
github.com/GabeCordo/ScalingFunctions/runtime.go:272.3,272.63 1 20
github.com/GabeCordo/ScalingFunctions/runtime.go:276.45,279.41 1 10
github.com/GabeCordo/ScalingFunctions/runtime.go:279.41,282.3 2 0
github.com/GabeCordo/ScalingFunctions/runtime.go:284.2,284.25 1 10
github.com/GabeCordo/ScalingFunctions/runtime.go:287.48,291.17 3 10
github.com/GabeCordo/ScalingFunctions/runtime.go:291.17,293.3 1 0
github.com/GabeCordo/ScalingFunctions/runtime.go:295.2,297.15 2 10
github.com/GabeCordo/ScalingFunctions/runtime.go:297.15,299.31 1 10
github.com/GabeCordo/ScalingFunctions/runtime.go:299.31,302.4 1 0
github.com/GabeCordo/ScalingFunctions/runtime.go:307.2,308.16 2 10
github.com/GabeCordo/ScalingFunctions/runtime.go:308.16,311.3 2 0
github.com/GabeCordo/ScalingFunctions/runtime.go:312.2,320.12 4 10
github.com/GabeCordo/ScalingFunctions/runtime.go:327.61,331.34 3 94
github.com/GabeCordo/ScalingFunctions/runtime.go:331.34,332.23 1 10
github.com/GabeCordo/ScalingFunctions/runtime.go:332.23,334.4 1 10
github.com/GabeCordo/ScalingFunctions/runtime.go:334.9,334.57 1 0
github.com/GabeCordo/ScalingFunctions/runtime.go:334.57,336.4 1 0
github.com/GabeCordo/ScalingFunctions/runtime.go:336.9,338.4 1 0
github.com/GabeCordo/ScalingFunctions/runtime.go:339.8,339.38 1 84
github.com/GabeCordo/ScalingFunctions/runtime.go:339.38,340.30 1 41
github.com/GabeCordo/ScalingFunctions/runtime.go:340.30,342.4 1 31
github.com/GabeCordo/ScalingFunctions/runtime.go:342.9,342.28 1 10
github.com/GabeCordo/ScalingFunctions/runtime.go:342.28,344.4 1 0
github.com/GabeCordo/ScalingFunctions/runtime.go:344.9,344.30 1 10
github.com/GabeCordo/ScalingFunctions/runtime.go:344.30,346.4 1 10
github.com/GabeCordo/ScalingFunctions/runtime.go:346.9,346.33 1 0
github.com/GabeCordo/ScalingFunctions/runtime.go:346.33,348.4 1 0
github.com/GabeCordo/ScalingFunctions/runtime.go:348.9,350.4 1 0
github.com/GabeCordo/ScalingFunctions/runtime.go:351.8,351.44 1 43
github.com/GabeCordo/ScalingFunctions/runtime.go:351.44,352.28 1 31
github.com/GabeCordo/ScalingFunctions/runtime.go:352.28,354.4 1 31
github.com/GabeCordo/ScalingFunctions/runtime.go:354.9,354.28 1 0
github.com/GabeCordo/ScalingFunctions/runtime.go:354.28,356.4 1 0
github.com/GabeCordo/ScalingFunctions/runtime.go:356.9,356.30 1 0
github.com/GabeCordo/ScalingFunctions/runtime.go:356.30,358.4 1 0
github.com/GabeCordo/ScalingFunctions/runtime.go:358.9,360.4 1 0
github.com/GabeCordo/ScalingFunctions/runtime.go:361.8,361.40 1 12
github.com/GabeCordo/ScalingFunctions/runtime.go:361.40,362.26 1 12
github.com/GabeCordo/ScalingFunctions/runtime.go:362.26,364.4 1 10
github.com/GabeCordo/ScalingFunctions/runtime.go:364.9,366.4 1 2
github.com/GabeCordo/ScalingFunctions/runtime.go:367.8,367.75 1 0
github.com/GabeCordo/ScalingFunctions/runtime.go:367.75,369.3 1 0
github.com/GabeCordo/ScalingFunctions/runtime.go:371.2,371.13 1 92
github.com/GabeCordo/ScalingFunctions/runtime.go:374.56,378.2 3 104
github.com/GabeCordo/ScalingFunctions/runtime.go:380.49,386.2 3 202
github.com/GabeCordo/ScalingFunctions/runtime.go:392.111,397.12 2 10
github.com/GabeCordo/ScalingFunctions/runtime.go:397.12,398.16 1 10
github.com/GabeCordo/ScalingFunctions/runtime.go:398.16,401.4 2 10
github.com/GabeCordo/ScalingFunctions/runtime.go:403.3,409.64 4 10
github.com/GabeCordo/ScalingFunctions/runtime.go:409.64,414.42 2 10
github.com/GabeCordo/ScalingFunctions/runtime.go:414.42,417.5 2 10
github.com/GabeCordo/ScalingFunctions/runtime.go:420.3,425.64 2 10
github.com/GabeCordo/ScalingFunctions/runtime.go:425.64,427.8 2 10
github.com/GabeCordo/ScalingFunctions/runtime.go:427.8,429.11 2 1080
github.com/GabeCordo/ScalingFunctions/runtime.go:429.11,430.47 1 1072
github.com/GabeCordo/ScalingFunctions/runtime.go:430.47,433.32 1 2
github.com/GabeCordo/ScalingFunctions/runtime.go:433.32,434.12 1 2
github.com/GabeCordo/ScalingFunctions/runtime.go:434.12,436.16 2 147
github.com/GabeCordo/ScalingFunctions/runtime.go:436.16,437.15 1 0
github.com/GabeCordo/ScalingFunctions/runtime.go:441.7,441.12 1 2
github.com/GabeCordo/ScalingFunctions/runtime.go:443.11,444.11 1 8
github.com/GabeCordo/ScalingFunctions/runtime.go:449.2,449.13 1 10
github.com/GabeCordo/ScalingFunctions/runtime.go:452.75,457.12 2 10
github.com/GabeCordo/ScalingFunctions/runtime.go:457.12,459.7 2 10
github.com/GabeCordo/ScalingFunctions/runtime.go:459.7,466.16 4 182
github.com/GabeCordo/ScalingFunctions/runtime.go:466.16,467.10 1 9
github.com/GabeCordo/ScalingFunctions/runtime.go:469.4,469.37 1 173
github.com/GabeCordo/ScalingFunctions/runtime.go:473.2,473.13 1 10
github.com/GabeCordo/ScalingFunctions/runtime.go:483.105,505.20 5 2070
github.com/GabeCordo/ScalingFunctions/runtime.go:505.20,511.14 3 2070
github.com/GabeCordo/ScalingFunctions/runtime.go:511.14,514.14 2 2000
github.com/GabeCordo/ScalingFunctions/runtime.go:514.14,520.25 2 0
github.com/GabeCordo/ScalingFunctions/runtime.go:520.25,524.6 3 0
github.com/GabeCordo/ScalingFunctions/runtime.go:525.5,525.16 1 0
github.com/GabeCordo/ScalingFunctions/runtime.go:529.4,529.36 1 2000
github.com/GabeCordo/ScalingFunctions/runtime.go:533.2,533.22 1 2070
github.com/GabeCordo/ScalingFunctions/runtime.go:538.65,551.60 5 31
github.com/GabeCordo/ScalingFunctions/runtime.go:551.60,553.53 1 31
github.com/GabeCordo/ScalingFunctions/runtime.go:553.53,556.17 1 10
github.com/GabeCordo/ScalingFunctions/runtime.go:556.17,557.33 1 10
github.com/GabeCordo/ScalingFunctions/runtime.go:557.33,560.26 3 0
github.com/GabeCordo/ScalingFunctions/runtime.go:560.26,564.7 3 0
github.com/GabeCordo/ScalingFunctions/runtime.go:565.6,566.38 2 0
github.com/GabeCordo/ScalingFunctions/runtime.go:573.4,573.24 1 10
github.com/GabeCordo/ScalingFunctions/runtime.go:573.24,575.5 1 0
github.com/GabeCordo/ScalingFunctions/runtime.go:577.4,579.19 2 10
github.com/GabeCordo/ScalingFunctions/runtime.go:579.19,581.5 1 0
github.com/GabeCordo/ScalingFunctions/runtime.go:587.4,587.44 1 10
github.com/GabeCordo/ScalingFunctions/runtime.go:587.44,592.5 2 0
github.com/GabeCordo/ScalingFunctions/runtime.go:592.10,594.12 1 10
github.com/GabeCordo/ScalingFunctions/runtime.go:595.67,596.11 1 8
github.com/GabeCordo/ScalingFunctions/runtime.go:597.48,599.11 2 2
github.com/GabeCordo/ScalingFunctions/runtime.go:603.4,608.36 2 10
github.com/GabeCordo/ScalingFunctions/runtime.go:609.9,609.60 1 21
github.com/GabeCordo/ScalingFunctions/runtime.go:609.60,617.17 5 10
github.com/GabeCordo/ScalingFunctions/runtime.go:617.17,618.33 1 10
github.com/GabeCordo/ScalingFunctions/runtime.go:618.33,621.26 3 0
github.com/GabeCordo/ScalingFunctions/runtime.go:621.26,625.7 3 0
github.com/GabeCordo/ScalingFunctions/runtime.go:626.6,626.22 1 0
github.com/GabeCordo/ScalingFunctions/runtime.go:631.4,631.19 1 10
github.com/GabeCordo/ScalingFunctions/runtime.go:631.19,633.5 1 0
github.com/GabeCordo/ScalingFunctions/runtime.go:635.4,636.34 2 10
github.com/GabeCordo/ScalingFunctions/runtime.go:636.34,639.5 2 0
github.com/GabeCordo/ScalingFunctions/runtime.go:640.4,643.8 3 10
github.com/GabeCordo/ScalingFunctions/runtime.go:643.8,644.12 1 1080
github.com/GabeCordo/ScalingFunctions/runtime.go:645.51,646.6 1 1080
github.com/GabeCordo/ScalingFunctions/runtime.go:646.6,647.30 1 1080
github.com/GabeCordo/ScalingFunctions/runtime.go:647.30,649.13 2 10
github.com/GabeCordo/ScalingFunctions/runtime.go:652.7,662.37 3 1070
github.com/GabeCordo/ScalingFunctions/runtime.go:662.37,664.8 1 0
github.com/GabeCordo/ScalingFunctions/runtime.go:664.13,667.8 2 1070
github.com/GabeCordo/ScalingFunctions/runtime.go:669.17,670.6 1 0
github.com/GabeCordo/ScalingFunctions/runtime.go:670.6,673.7 2 0
github.com/GabeCordo/ScalingFunctions/runtime.go:676.5,676.18 1 1080
github.com/GabeCordo/ScalingFunctions/runtime.go:676.18,678.38 1 10
github.com/GabeCordo/ScalingFunctions/runtime.go:678.38,680.7 1 10
github.com/GabeCordo/ScalingFunctions/runtime.go:684.6,684.36 1 10
github.com/GabeCordo/ScalingFunctions/runtime.go:684.36,687.7 2 0
github.com/GabeCordo/ScalingFunctions/runtime.go:689.6,689.11 1 10
github.com/GabeCordo/ScalingFunctions/runtime.go:692.9,692.60 1 11
github.com/GabeCordo/ScalingFunctions/runtime.go:692.60,693.17 1 11
github.com/GabeCordo/ScalingFunctions/runtime.go:693.17,694.33 1 11
github.com/GabeCordo/ScalingFunctions/runtime.go:694.33,697.26 3 0
github.com/GabeCordo/ScalingFunctions/runtime.go:697.26,701.7 3 0
github.com/GabeCordo/ScalingFunctions/runtime.go:702.6,703.38 2 0
github.com/GabeCordo/ScalingFunctions/runtime.go:708.4,715.19 6 11
github.com/GabeCordo/ScalingFunctions/runtime.go:715.19,717.5 1 0
github.com/GabeCordo/ScalingFunctions/runtime.go:719.4,720.34 2 11
github.com/GabeCordo/ScalingFunctions/runtime.go:720.34,723.5 2 0
github.com/GabeCordo/ScalingFunctions/runtime.go:724.4,727.8 3 11
github.com/GabeCordo/ScalingFunctions/runtime.go:727.8,728.12 1 2081
github.com/GabeCordo/ScalingFunctions/runtime.go:729.51,730.6 1 2081
github.com/GabeCordo/ScalingFunctions/runtime.go:730.6,732.30 1 2081
github.com/GabeCordo/ScalingFunctions/runtime.go:732.30,734.13 2 11
github.com/GabeCordo/ScalingFunctions/runtime.go:739.7,747.37 3 2070
github.com/GabeCordo/ScalingFunctions/runtime.go:747.37,749.8 1 0
github.com/GabeCordo/ScalingFunctions/runtime.go:749.13,752.17 2 2070
github.com/GabeCordo/ScalingFunctions/runtime.go:752.17,754.67 2 2070
github.com/GabeCordo/ScalingFunctions/runtime.go:754.67,755.43 1 0
github.com/GabeCordo/ScalingFunctions/runtime.go:755.43,758.157 3 0
github.com/GabeCordo/ScalingFunctions/runtime.go:758.157,760.12 1 0
github.com/GabeCordo/ScalingFunctions/runtime.go:764.9,764.29 1 2070
github.com/GabeCordo/ScalingFunctions/runtime.go:764.29,768.40 3 0
github.com/GabeCordo/ScalingFunctions/runtime.go:768.40,770.11 1 0
github.com/GabeCordo/ScalingFunctions/runtime.go:771.15,775.10 2 2070
github.com/GabeCordo/ScalingFunctions/runtime.go:776.14,778.9 1 0
github.com/GabeCordo/ScalingFunctions/runtime.go:781.17,782.6 1 0
github.com/GabeCordo/ScalingFunctions/runtime.go:782.6,785.7 2 0
github.com/GabeCordo/ScalingFunctions/runtime.go:788.5,788.18 1 2081
github.com/GabeCordo/ScalingFunctions/runtime.go:788.18,790.38 1 11
github.com/GabeCordo/ScalingFunctions/runtime.go:790.38,792.7 1 11
github.com/GabeCordo/ScalingFunctions/runtime.go:796.6,796.36 1 11
github.com/GabeCordo/ScalingFunctions/runtime.go:796.36,799.16 2 0
github.com/GabeCordo/ScalingFunctions/runtime.go:799.16,803.8 2 0
github.com/GabeCordo/ScalingFunctions/runtime.go:803.13,805.8 1 0
github.com/GabeCordo/ScalingFunctions/runtime.go:807.6,807.11 1 11
github.com/GabeCordo/ScalingFunctions/runtime.go:814.4,814.36 1 11
github.com/GabeCordo/ScalingFunctions/runtime.go:815.9,816.63 1 0
github.com/GabeCordo/ScalingFunctions/runtime.go:826.62,828.37 1 0
github.com/GabeCordo/ScalingFunctions/runtime.go:828.37,829.60 1 0
github.com/GabeCordo/ScalingFunctions/runtime.go:832.2,837.14 5 0
github.com/GabeCordo/ScalingFunctions/runtime.go:844.71,850.62 2 0
github.com/GabeCordo/ScalingFunctions/runtime.go:850.62,851.102 1 0
github.com/GabeCordo/ScalingFunctions/runtime.go:854.2,858.44 4 0
github.com/GabeCordo/ScalingFunctions/runtime.go:858.44,862.59 1 0
github.com/GabeCordo/ScalingFunctions/runtime.go:862.59,863.12 1 0
github.com/GabeCordo/ScalingFunctions/runtime.go:865.3,868.20 3 0
github.com/GabeCordo/ScalingFunctions/runtime.go:871.2,871.17 1 0
github.com/GabeCordo/ScalingFunctions/runtime.go:871.17,872.90 1 0
github.com/GabeCordo/ScalingFunctions/runtime.go:876.42,880.22 2 2
github.com/GabeCordo/ScalingFunctions/runtime.go:880.22,882.45 2 0
github.com/GabeCordo/ScalingFunctions/runtime.go:882.45,886.18 3 0
github.com/GabeCordo/ScalingFunctions/runtime.go:886.18,888.5 1 0
github.com/GabeCordo/ScalingFunctions/runtime.go:892.2,894.25 2 2
github.com/GabeCordo/ScalingFunctions/runtime.go:894.25,896.3 1 20
github.com/GabeCordo/ScalingFunctions/runtime.go:899.42,901.2 1 0
github.com/GabeCordo/ScalingFunctions/statistics.go:27.52,29.2 1 62
github.com/GabeCordo/ScalingFunctions/statistics.go:31.48,33.2 1 76
github.com/GabeCordo/ScalingFunctions/statistics.go:35.45,37.2 1 31
github.com/GabeCordo/ScalingFunctions/statistics.go:39.52,41.2 1 55
github.com/GabeCordo/ScalingFunctions/statistics.go:51.45,53.2 1 2070
github.com/GabeCordo/ScalingFunctions/statistics.go:55.44,57.2 1 41
github.com/GabeCordo/ScalingFunctions/statistics.go:59.37,61.2 1 3140
github.com/GabeCordo/ScalingFunctions/statistics.go:63.44,65.2 1 41
github.com/GabeCordo/ScalingFunctions/statistics.go:67.38,69.2 1 0
github.com/GabeCordo/ScalingFunctions/statistics.go:71.45,73.2 1 41
github.com/GabeCordo/ScalingFunctions/statistics.go:75.39,77.2 1 0
github.com/GabeCordo/ScalingFunctions/statistics.go:79.46,81.2 1 41
github.com/GabeCordo/ScalingFunctions/statistics.go:92.29,94.41 1 1
github.com/GabeCordo/ScalingFunctions/statistics.go:94.41,97.3 2 3
github.com/GabeCordo/ScalingFunctions/statistics.go:99.2,99.33 1 1
github.com/GabeCordo/ScalingFunctions/statistics.go:99.33,104.3 4 2
github.com/GabeCordo/ScalingFunctions/statistics.go:109.67,119.2 6 28
